
> options-tracker@0.1.0 build
> next build

⚠ `eslint` configuration in next.config.ts is no longer supported. See more info here: https://nextjs.org/docs/app/api-reference/cli/next#next-lint-options
⚠ Invalid next.config.ts options detected: 
⚠     Unrecognized key(s) in object: 'eslint'
⚠ See more info here: https://nextjs.org/docs/messages/invalid-next-config
▲ Next.js 16.1.6 (Turbopack)

  Creating an optimized production build ...
Error: Cannot apply unknown utility class `glass`
    [2m[at onInvalidCandidate (C:\Users\prave\.gemini\antigravity\scratch\options-tracker\node_modules\tailwindcss\dist\lib.js:21:1511)][0m
    [2m[at Te (C:\Users\prave\.gemini\antigravity\scratch\options-tracker\node_modules\tailwindcss\dist\lib.js:16:36326)][0m
    [2m[at C:\Users\prave\.gemini\antigravity\scratch\options-tracker\node_modules\tailwindcss\dist\lib.js:21:355][0m
    [2m[at Rr (C:\Users\prave\.gemini\antigravity\scratch\options-tracker\node_modules\tailwindcss\dist\lib.js:3:1718)][0m
    [2m[at _ (C:\Users\prave\.gemini\antigravity\scratch\options-tracker\node_modules\tailwindcss\dist\lib.js:3:1377)][0m
    [2m[at $e (C:\Users\prave\.gemini\antigravity\scratch\options-tracker\node_modules\tailwindcss\dist\lib.js:21:172)][0m
    [2m[at un (C:\Users\prave\.gemini\antigravity\scratch\options-tracker\node_modules\tailwindcss\dist\lib.js:38:294)][0m
    [2m[at async cn (C:\Users\prave\.gemini\antigravity\scratch\options-tracker\node_modules\tailwindcss\dist\lib.js:38:631)][0m
    [2m[at async Xr (C:\Users\prave\.gemini\antigravity\scratch\options-tracker\node_modules\@tailwindcss\node\dist\index.js:10:3417)][0m
    [2m[at async I (C:\Users\prave\.gemini\antigravity\scratch\options-tracker\node_modules\@tailwindcss\postcss\dist\index.js:10:3977)][0m

> Build error occurred
Error: Turbopack build failed with 1 errors:
./src/app/globals.css
Error evaluating Node.js code
CssSyntaxError: tailwindcss: C:\Users\prave\.gemini\antigravity\scratch\options-tracker\src\app\globals.css:1:1: Cannot apply unknown utility class `glass`
    at Input.error (node_modules/postcss/lib/input.js:135:16) [C:\Users\prave\.gemini\antigravity\scratch\options-tracker\.next\build\chunks\node_modules_fe693df6._.js:4651:22]
    at Root.error (node_modules/postcss/lib/node.js:146:32) [C:\Users\prave\.gemini\antigravity\scratch\options-tracker\.next\build\chunks\node_modules_fe693df6._.js:928:38]
    [at Object.Once (C:\Users\prave\.gemini\antigravity\scratch\options-tracker\node_modules\@tailwindcss\postcss\dist\index.js:10:6911)]
    at async LazyResult.runAsync (node_modules/postcss/lib/lazy-result.js:293:11) [C:\Users\prave\.gemini\antigravity\scratch\options-tracker\.next\build\chunks\node_modules_fe693df6._.js:6206:21]
    at async transform (turbopack:///[turbopack-node]/transforms/postcss.ts:70:34) [C:\Users\prave\.gemini\antigravity\scratch\options-tracker\.next\build\chunks\[root-of-the-server]__51225daf._.js:146:36]
    at async run (turbopack:///[turbopack-node]/ipc/evaluate.ts:92:23) [C:\Users\prave\.gemini\antigravity\scratch\options-tracker\.next\build\chunks\[root-of-the-server]__974941ed._.js:443:31]

Import trace:
  Client Component Browser:
    ./src/app/globals.css [Client Component Browser]
    ./src/app/layout.tsx [Server Component]


    at async transform (turbopack:///[turbopack-node]/transforms/postcss.ts:70:34) [C:\Users\prave\.gemini\antigravity\scratch\options-tracker\.next\build\chunks\[root-of-the-server]__51225daf._.js:146:36])
    at async run (turbopack:///[turbopack-node]/ipc/evaluate.ts:92:23) [C:\Users\prave\.gemini\antigravity\scratch\options-tracker\.next\build\chunks\[root-of-the-server]__974941ed._.js:443:31])
